// Jest Snapshot v1, https://goo.gl/fbAQLP

exports[`PizzaForm should match snapshot 1`] = `
<div
  className="MuiCardContent-root-1"
>
  <h3
    className="MuiTypography-root-2 MuiTypography-subheading-9 MuiTypography-colorTextSecondary-24"
  >
    Choose extras for 
    Mighty Meaty
    :
  </h3>
  <div
    className="MuiFormControl-root-30 ChipSelect-formControl-26"
    onBlur={[Function]}
    onFocus={[Function]}
  >
    <label
      className="MuiFormLabel-root-40 MuiInputLabel-root-34 MuiInputLabel-formControl-35 MuiInputLabel-animated-38"
      data-shrink={false}
      htmlFor="pizza-extras"
    >
      Extras
    </label>
    <div
      className="MuiInput-root-49 MuiInput-formControl-50 MuiInput-inkbar-51 MuiInput-underline-55"
      onBlur={[Function]}
      onFocus={[Function]}
    >
      <div
        className="MuiSelect-root-44"
      >
        <div
          aria-haspopup="true"
          aria-owns={null}
          aria-pressed="false"
          className="MuiSelect-select-45 MuiSelect-selectMenu-46 MuiInput-input-58"
          onBlur={[Function]}
          onClick={[Function]}
          onFocus={undefined}
          onKeyDown={[Function]}
          role="button"
          tabIndex={0}
        />
        <input
          aria-invalid={false}
          aria-required={false}
          autoComplete={undefined}
          autoFocus={undefined}
          defaultValue={undefined}
          id="pizza-extras"
          name={undefined}
          onKeyDown={undefined}
          onKeyUp={undefined}
          placeholder={undefined}
          readOnly={undefined}
          required={undefined}
          rows={undefined}
          type="hidden"
          value=""
        />
        <svg
          aria-hidden="true"
          className="MuiSvgIcon-root-64 MuiSelect-icon-48"
          color={undefined}
          focusable="false"
          viewBox="0 0 24 24"
        >
          <path
            d="M7 10l5 5 5-5z"
          />
        </svg>
      </div>
    </div>
  </div>
  <table
    className="MuiTable-root-75"
  >
    <thead>
      <tr
        className="MuiTableRow-root-76 MuiTableRow-typeHead-77"
      >
        <th
          aria-sort={null}
          className="MuiTableCell-root-81 MuiTableCell-paddingDefault-86 MuiTableCell-typeHead-83"
        >
          Item
        </th>
        <th
          aria-sort={null}
          className="MuiTableCell-root-81 MuiTableCell-numeric-82 MuiTableCell-paddingDefault-86 MuiTableCell-typeHead-83"
        >
          Price
        </th>
      </tr>
    </thead>
    <tbody>
      <tr
        className="MuiTableRow-root-76"
      >
        <td
          aria-sort={null}
          className="MuiTableCell-root-81 MuiTableCell-paddingDefault-86 MuiTableCell-typeBody-84"
        >
          Base price
        </td>
        <td
          aria-sort={null}
          className="MuiTableCell-root-81 MuiTableCell-numeric-82 MuiTableCell-paddingDefault-86 MuiTableCell-typeBody-84"
        >
          €16.90
        </td>
      </tr>
    </tbody>
    <tfoot>
      <tr
        className="MuiTableRow-root-76 MuiTableRow-typeFooter-78"
      >
        <td
          aria-sort={null}
          className="MuiTableCell-root-81 MuiTableCell-paddingDefault-86 MuiTableCell-typeFooter-85"
        >
          Total
        </td>
        <td
          aria-sort={null}
          className="MuiTableCell-root-81 MuiTableCell-numeric-82 MuiTableCell-paddingDefault-86 MuiTableCell-typeFooter-85"
        >
          €16.90
        </td>
      </tr>
    </tfoot>
  </table>
  <div
    className="OrderForm-container-89"
  >
    <div
      aria-describedby={undefined}
      className="MuiFormControl-root-30 MuiFormControl-marginNormal-31 OrderForm-input-90"
      onBlur={[Function]}
      onFocus={[Function]}
    >
      <label
        className="MuiFormLabel-root-40 MuiInputLabel-root-34 MuiInputLabel-formControl-35 MuiInputLabel-animated-38"
        data-shrink={false}
        htmlFor="name"
      >
        Name
        <span
          className=""
        >
           *
        </span>
      </label>
      <div
        className="MuiInput-root-49 MuiInput-formControl-50 MuiInput-inkbar-51 MuiInput-underline-55"
        onBlur={[Function]}
        onFocus={[Function]}
      >
        <input
          aria-invalid={false}
          aria-required={true}
          autoComplete={undefined}
          autoFocus={undefined}
          className="MuiInput-input-58"
          defaultValue={undefined}
          disabled={false}
          id="name"
          name={undefined}
          onChange={[Function]}
          onKeyDown={undefined}
          onKeyUp={undefined}
          placeholder={undefined}
          readOnly={undefined}
          required={true}
          rows={undefined}
          type="text"
          value=""
        />
      </div>
    </div>
    <div
      aria-describedby={undefined}
      className="MuiFormControl-root-30 MuiFormControl-marginNormal-31 OrderForm-input-90"
      onBlur={[Function]}
      onFocus={[Function]}
    >
      <label
        className="MuiFormLabel-root-40 MuiInputLabel-root-34 MuiInputLabel-formControl-35 MuiInputLabel-animated-38"
        data-shrink={false}
        htmlFor="address"
      >
        Address
        <span
          className=""
        >
           *
        </span>
      </label>
      <div
        className="MuiInput-root-49 MuiInput-formControl-50 MuiInput-inkbar-51 MuiInput-underline-55"
        onBlur={[Function]}
        onFocus={[Function]}
      >
        <input
          aria-invalid={false}
          aria-required={true}
          autoComplete={undefined}
          autoFocus={undefined}
          className="MuiInput-input-58"
          defaultValue={undefined}
          disabled={false}
          id="address"
          name={undefined}
          onChange={[Function]}
          onKeyDown={undefined}
          onKeyUp={undefined}
          placeholder={undefined}
          readOnly={undefined}
          required={true}
          rows={undefined}
          type="text"
          value=""
        />
      </div>
    </div>
    <button
      className="MuiButtonBase-root-108 MuiButton-root-93 MuiButton-raised-98 MuiButton-raisedPrimary-100 OrderForm-button-91"
      disabled={false}
      onBlur={[Function]}
      onClick={[Function]}
      onFocus={[Function]}
      onKeyDown={[Function]}
      onKeyUp={[Function]}
      onMouseDown={[Function]}
      onMouseLeave={[Function]}
      onMouseUp={[Function]}
      onTouchEnd={[Function]}
      onTouchMove={[Function]}
      onTouchStart={[Function]}
      tabIndex={0}
      type="button"
    >
      <span
        className="MuiButton-label-94"
      >
        Order
        <svg
          aria-hidden="true"
          className="MuiSvgIcon-root-64 OrderForm-icon-92"
          color={undefined}
          focusable="false"
          viewBox="0 0 24 24"
        >
          <path
            d="M2.01 21L23 12 2.01 3 2 10l15 2-15 2z"
          />
        </svg>
      </span>
      <span
        className="MuiTouchRipple-root-110"
      />
    </button>
  </div>
</div>
`;
